Java HotSpot(TM) 64-Bit Server VM (25.181-b13) for windows-amd64 JRE (1.8.0_181-b13), built on Jul  7 2018 04:01:33 by "java_re" with MS VC++ 10.0 (VS2010)
Memory: 4k page, physical 25017080k(13210856k free), swap 28687096k(15485996k free)
CommandLine flags: -XX:-BytecodeVerificationLocal -XX:-BytecodeVerificationRemote -XX:InitialHeapSize=400273280 -XX:+ManagementServer -XX:MaxHeapSize=6404372480 -XX:+PrintGC -XX:+PrintGCDetails -XX:+PrintGCTimeStamps -XX:TieredStopAtLevel=1 -XX:+UseCompressedClassPointers -XX:+UseCompressedOops -XX:-UseLargePagesIndividualAllocation -XX:+UseParallelGC 
3.344: [GC (Allocation Failure) [PSYoungGen: 98304K->11551K(114176K)] 98304K->11567K(375296K), 0.0209507 secs] [Times: user=0.02 sys=0.02, real=0.02 secs] 
3.740: [GC (Metadata GC Threshold) [PSYoungGen: 45169K->8491K(114176K)] 45185K->8515K(375296K), 0.0117446 secs] [Times: user=0.00 sys=0.01, real=0.01 secs] 
3.752: [Full GC (Metadata GC Threshold) [PSYoungGen: 8491K->0K(114176K)] [ParOldGen: 24K->8106K(138752K)] 8515K->8106K(252928K), [Metaspace: 20467K->20467K(1067008K)], 0.0326598 secs] [Times: user=0.02 sys=0.00, real=0.03 secs] 
4.555: [GC (Allocation Failure) [PSYoungGen: 98304K->10353K(114176K)] 106410K->18467K(252928K), 0.0042835 secs] [Times: user=0.00 sys=0.00, real=0.00 secs] 
5.490: [GC (Allocation Failure) [PSYoungGen: 108657K->13729K(174592K)] 116771K->21851K(313344K), 0.0174495 secs] [Times: user=0.00 sys=0.02, real=0.02 secs] 
5.545: [GC (Metadata GC Threshold) [PSYoungGen: 26550K->8708K(174592K)] 34672K->16838K(313344K), 0.0110251 secs] [Times: user=0.00 sys=0.00, real=0.01 secs] 
5.557: [Full GC (Metadata GC Threshold) [PSYoungGen: 8708K->0K(174592K)] [ParOldGen: 8130K->13921K(169472K)] 16838K->13921K(344064K), [Metaspace: 33383K->33383K(1079296K)], 0.0384296 secs] [Times: user=0.06 sys=0.03, real=0.04 secs] 
1231.174: [GC (Allocation Failure) [PSYoungGen: 158720K->3312K(283648K)] 172641K->17242K(453120K), 0.0063499 secs] [Times: user=0.02 sys=0.00, real=0.01 secs] 
1290.206: [GC (System.gc()) [PSYoungGen: 42331K->2048K(282112K)] 56261K->15985K(451584K), 0.0055384 secs] [Times: user=0.00 sys=0.02, real=0.01 secs] 
1290.211: [Full GC (System.gc()) [PSYoungGen: 2048K->0K(282112K)] [ParOldGen: 13937K->14286K(169472K)] 15985K->14286K(451584K), [Metaspace: 35969K->35969K(1083392K)], 0.1340218 secs] [Times: user=0.19 sys=0.00, real=0.13 secs] 
1292.870: [GC (System.gc()) [PSYoungGen: 10570K->224K(296448K)] 24857K->14518K(465920K), 0.0017479 secs] [Times: user=0.00 sys=0.00, real=0.00 secs] 
1292.872: [Full GC (System.gc()) [PSYoungGen: 224K->0K(296448K)] [ParOldGen: 14294K->14286K(169472K)] 14518K->14286K(465920K), [Metaspace: 35971K->35971K(1083392K)], 0.0832519 secs] [Times: user=0.13 sys=0.00, real=0.08 secs] 
1874.740: [GC (Allocation Failure) [PSYoungGen: 280064K->288K(297472K)] 294350K->14582K(466944K), 0.0026401 secs] [Times: user=0.00 sys=0.00, real=0.00 secs] 
2471.912: [GC (Allocation Failure) [PSYoungGen: 280352K->288K(461824K)] 294646K->14590K(631296K), 0.0019212 secs] [Times: user=0.00 sys=0.00, real=0.00 secs] 
3463.589: [GC (Allocation Failure) [PSYoungGen: 461600K->224K(479232K)] 475902K->14622K(648704K), 0.0052426 secs] [Times: user=0.00 sys=0.00, real=0.00 secs] 
4463.763: [GC (Allocation Failure) [PSYoungGen: 462048K->224K(603136K)] 476446K->14670K(772608K), 0.0013545 secs] [Times: user=0.00 sys=0.00, real=0.00 secs] 
5774.303: [GC (Allocation Failure) [PSYoungGen: 602848K->256K(622592K)] 617294K->14734K(792064K), 0.0061006 secs] [Times: user=0.01 sys=0.00, real=0.01 secs] 
7097.042: [GC (Allocation Failure) [PSYoungGen: 605952K->224K(582144K)] 620430K->14702K(751616K), 0.0018876 secs] [Times: user=0.00 sys=0.00, real=0.00 secs] 
8357.588: [GC (Allocation Failure) [PSYoungGen: 581856K->256K(575488K)] 596334K->14742K(744960K), 0.0014761 secs] [Times: user=0.00 sys=0.00, real=0.00 secs] 
9581.846: [GC (Allocation Failure) [PSYoungGen: 559360K->256K(538112K)] 573846K->14742K(707584K), 0.0019674 secs] [Times: user=0.00 sys=0.00, real=0.00 secs] 
10754.286: [GC (Allocation Failure) [PSYoungGen: 537856K->320K(531968K)] 552342K->14806K(701440K), 0.0064223 secs] [Times: user=0.02 sys=0.00, real=0.01 secs] 
